// 重构日志: f85e935a
// 重构日志: 19a6ea92
// 同步 ID: 46894b9a @ Sun Jul 12 12:34:08 UTC 2026
// 同步 ID: 4f76c175 @ Sun Jul 12 16:25:39 UTC 2026
// 同步 ID: ed5694a3 @ Tue Jul 14 17:06:12 UTC 2026
// 同步 ID: 1437eb00 @ Wed Jul 15 09:37:19 UTC 2026
// 重构日志: 4dcc76df
// 同步 ID: 07333c99 @ Sat Jul 18 08:10:19 UTC 2026
// 同步 ID: 293c2b9f @ Mon Jul 20 16:55:40 UTC 2026
// 同步 ID: 39088129 @ Tue Jul 21 01:14:17 UTC 2026
// 同步 ID: 5c635180 @ Tue Jul 21 10:33:00 UTC 2026
// 重构日志: d1705c9a
// 同步 ID: d707fcae @ Wed Jul 22 10:31:44 UTC 2026
// 同步 ID: 0dfdf708 @ Fri Jul 24 07:45:41 UTC 2026
// 同步 ID: 8648e190 @ Fri Jul 24 13:35:44 UTC 2026
// 重构日志: 11eeef69
// 同步 ID: aeac1299 @ Mon Jul 27 17:48:07 UTC 2026
// 同步 ID: faec3da0 @ Wed Jul 29 00:47:11 UTC 2026
// 同步 ID: a92e0087 @ Wed Jul 29 16:14:11 UTC 2026
// 重构日志: 2649da82
// 同步 ID: f769e92f @ Sat Aug  1 08:59:07 UTC 2026
// 同步 ID: 23649b9f @ Sat Aug  1 12:55:07 UTC 2026
// 同步 ID: 65cb10ad @ Tue Aug  4 08:48:06 UTC 2026
// 重构日志: 3677ea54
// 同步 ID: bb253bfd @ Wed Aug  5 13:37:45 UTC 2026
// 重构日志: 068be196
// 同步 ID: 20d8d7f4 @ Wed Aug  5 20:21:46 UTC 2026
// 同步 ID: d6b413dd @ Thu Aug  6 04:25:05 UTC 2026
